Archive member included to satisfy reference by file (symbol)

c:/st/stm32cubeide_1.7.0/stm32cubeide/plugins/com.st.stm32cube.ide.mcu.externaltools.gnu-tools-for-stm32.9-2020-q2-update.win32_2.0.0.202105311346/tools/bin/../lib/gcc/arm-none-eabi/9.3.1/../../../../arm-none-eabi/lib/thumb/v7e-m+fp/hard\libc_nano.a(lib_a-errno.o)
                              ./Core/Src/syscalls.o (__errno)
c:/st/stm32cubeide_1.7.0/stm32cubeide/plugins/com.st.stm32cube.ide.mcu.externaltools.gnu-tools-for-stm32.9-2020-q2-update.win32_2.0.0.202105311346/tools/bin/../lib/gcc/arm-none-eabi/9.3.1/../../../../arm-none-eabi/lib/thumb/v7e-m+fp/hard\libc_nano.a(lib_a-exit.o)
                              c:/st/stm32cubeide_1.7.0/stm32cubeide/plugins/com.st.stm32cube.ide.mcu.externaltools.gnu-tools-for-stm32.9-2020-q2-update.win32_2.0.0.202105311346/tools/bin/../lib/gcc/arm-none-eabi/9.3.1/../../../../arm-none-eabi/lib/thumb/v7e-m+fp/hard/crt0.o (exit)
c:/st/stm32cubeide_1.7.0/stm32cubeide/plugins/com.st.stm32cube.ide.mcu.externaltools.gnu-tools-for-stm32.9-2020-q2-update.win32_2.0.0.202105311346/tools/bin/../lib/gcc/arm-none-eabi/9.3.1/../../../../arm-none-eabi/lib/thumb/v7e-m+fp/hard\libc_nano.a(lib_a-impure.o)
                              c:/st/stm32cubeide_1.7.0/stm32cubeide/plugins/com.st.stm32cube.ide.mcu.externaltools.gnu-tools-for-stm32.9-2020-q2-update.win32_2.0.0.202105311346/tools/bin/../lib/gcc/arm-none-eabi/9.3.1/../../../../arm-none-eabi/lib/thumb/v7e-m+fp/hard\libc_nano.a(lib_a-exit.o) (_global_impure_ptr)
c:/st/stm32cubeide_1.7.0/stm32cubeide/plugins/com.st.stm32cube.ide.mcu.externaltools.gnu-tools-for-stm32.9-2020-q2-update.win32_2.0.0.202105311346/tools/bin/../lib/gcc/arm-none-eabi/9.3.1/../../../../arm-none-eabi/lib/thumb/v7e-m+fp/hard\libc_nano.a(lib_a-init.o)
                              c:/st/stm32cubeide_1.7.0/stm32cubeide/plugins/com.st.stm32cube.ide.mcu.externaltools.gnu-tools-for-stm32.9-2020-q2-update.win32_2.0.0.202105311346/tools/bin/../lib/gcc/arm-none-eabi/9.3.1/../../../../arm-none-eabi/lib/thumb/v7e-m+fp/hard/crt0.o (__libc_init_array)
c:/st/stm32cubeide_1.7.0/stm32cubeide/plugins/com.st.stm32cube.ide.mcu.externaltools.gnu-tools-for-stm32.9-2020-q2-update.win32_2.0.0.202105311346/tools/bin/../lib/gcc/arm-none-eabi/9.3.1/../../../../arm-none-eabi/lib/thumb/v7e-m+fp/hard\libc_nano.a(lib_a-memset.o)
                              c:/st/stm32cubeide_1.7.0/stm32cubeide/plugins/com.st.stm32cube.ide.mcu.externaltools.gnu-tools-for-stm32.9-2020-q2-update.win32_2.0.0.202105311346/tools/bin/../lib/gcc/arm-none-eabi/9.3.1/../../../../arm-none-eabi/lib/thumb/v7e-m+fp/hard/crt0.o (memset)
c:/st/stm32cubeide_1.7.0/stm32cubeide/plugins/com.st.stm32cube.ide.mcu.externaltools.gnu-tools-for-stm32.9-2020-q2-update.win32_2.0.0.202105311346/tools/bin/../lib/gcc/arm-none-eabi/9.3.1/thumb/v7e-m+fp/hard\libgcc.a(_aeabi_uldivmod.o)
                              ./Drivers/STM32F4xx_HAL_Driver/stm32f4xx_hal_rcc.o (__aeabi_uldivmod)
c:/st/stm32cubeide_1.7.0/stm32cubeide/plugins/com.st.stm32cube.ide.mcu.externaltools.gnu-tools-for-stm32.9-2020-q2-update.win32_2.0.0.202105311346/tools/bin/../lib/gcc/arm-none-eabi/9.3.1/thumb/v7e-m+fp/hard\libgcc.a(_udivmoddi4.o)
                              c:/st/stm32cubeide_1.7.0/stm32cubeide/plugins/com.st.stm32cube.ide.mcu.externaltools.gnu-tools-for-stm32.9-2020-q2-update.win32_2.0.0.202105311346/tools/bin/../lib/gcc/arm-none-eabi/9.3.1/thumb/v7e-m+fp/hard\libgcc.a(_aeabi_uldivmod.o) (__udivmoddi4)
c:/st/stm32cubeide_1.7.0/stm32cubeide/plugins/com.st.stm32cube.ide.mcu.externaltools.gnu-tools-for-stm32.9-2020-q2-update.win32_2.0.0.202105311346/tools/bin/../lib/gcc/arm-none-eabi/9.3.1/thumb/v7e-m+fp/hard\libgcc.a(_dvmd_tls.o)
                              c:/st/stm32cubeide_1.7.0/stm32cubeide/plugins/com.st.stm32cube.ide.mcu.externaltools.gnu-tools-for-stm32.9-2020-q2-update.win32_2.0.0.202105311346/tools/bin/../lib/gcc/arm-none-eabi/9.3.1/thumb/v7e-m+fp/hard\libgcc.a(_aeabi_uldivmod.o) (__aeabi_ldiv0)

Allocating common symbols
Common symbol       size              file

hi2c1               0x54              ./Core/Src/main.o
uwTick              0x4               ./Drivers/STM32F4xx_HAL_Driver/stm32f4xx_hal.o
pFlash              0x20              ./Drivers/STM32F4xx_HAL_Driver/stm32f4xx_hal_flash.o
hspi1               0x58              ./Core/Src/main.o

Discarded input sections

 .text          0x0000000000000000        0x0 c:/st/stm32cubeide_1.7.0/stm32cubeide/plugins/com.st.stm32cube.ide.mcu.externaltools.gnu-tools-for-stm32.9-2020-q2-update.win32_2.0.0.202105311346/tools/bin/../lib/gcc/arm-none-eabi/9.3.1/thumb/v7e-m+fp/hard/crti.o
 .data          0x0000000000000000        0x0 c:/st/stm32cubeide_1.7.0/stm32cubeide/plugins/com.st.stm32cube.ide.mcu.externaltools.gnu-tools-for-stm32.9-2020-q2-update.win32_2.0.0.202105311346/tools/bin/../lib/gcc/arm-none-eabi/9.3.1/thumb/v7e-m+fp/hard/crti.o
[...]
Memory Configuration

Name             Origin             Length             Attributes
RAM              0x0000000020000000 0x0000000000020000 xrw
FLASH            0x0000000008000000 0x0000000000080000 xr
*default*        0x0000000000000000 0xffffffffffffffff

Linker script and memory map

LOAD c:/st/stm32cubeide_1.7.0/stm32cubeide/plugins/com.st.stm32cube.ide.mcu.externaltools.gnu-tools-for-stm32.9-2020-q2-update.win32_2.0.0.202105311346/tools/bin/../lib/gcc/arm-none-eabi/9.3.1/thumb/v7e-m+fp/hard/crti.o
LOAD c:/st/stm32cubeide_1.7.0/stm32cubeide/plugins/com.st.stm32cube.ide.mcu.externaltools.gnu-tools-for-stm32.9-2020-q2-update.win32_2.0.0.202105311346/tools/bin/../lib/gcc/arm-none-eabi/9.3.1/thumb/v7e-m+fp/hard/crtbegin.o
LOAD c:/st/stm32cubeide_1.7.0/stm32cubeide/plugins/com.st.stm32cube.ide.mcu.externaltools.gnu-tools-for-stm32.9-2020-q2-update.win32_2.0.0.202105311346/tools/bin/../lib/gcc/arm-none-eabi/9.3.1/../../../../arm-none-eabi/lib/thumb/v7e-m+fp/hard/crt0.o
LOAD ./Core/Src/main.o
LOAD ./Core/Src/stm32f4xx_hal_msp.o
LOAD ./Core/Src/stm32f4xx_it.o
LOAD ./Core/Src/syscalls.o
LOAD ./Core/Src/sysmem.o
LOAD ./Core/Src/system_stm32f4xx.o
LOAD ./Core/Startup/startup_stm32f411vetx.o
LOAD ./Drivers/BSP/Components/i3g4250d/i3g4250d.o
LOAD ./Drivers/BSP/Components/l3gd20/l3gd20.o
LOAD ./Drivers/BSP/STM32F411E-Discovery/stm32f411e_discovery.o
LOAD ./Drivers/BSP/STM32F411E-Discovery/stm32f411e_discovery_gyroscope.o
LOAD ./Drivers/STM32F4xx_HAL_Driver/stm32f4xx_hal.o
LOAD ./Drivers/STM32F4xx_HAL_Driver/stm32f4xx_hal_cortex.o
LOAD ./Drivers/STM32F4xx_HAL_Driver/stm32f4xx_hal_dma.o
LOAD ./Drivers/STM32F4xx_HAL_Driver/stm32f4xx_hal_dma_ex.o
LOAD ./Drivers/STM32F4xx_HAL_Driver/stm32f4xx_hal_exti.o
LOAD ./Drivers/STM32F4xx_HAL_Driver/stm32f4xx_hal_flash.o
LOAD ./Drivers/STM32F4xx_HAL_Driver/stm32f4xx_hal_flash_ex.o
LOAD ./Drivers/STM32F4xx_HAL_Driver/stm32f4xx_hal_flash_ramfunc.o
LOAD ./Drivers/STM32F4xx_HAL_Driver/stm32f4xx_hal_gpio.o
LOAD ./Drivers/STM32F4xx_HAL_Driver/stm32f4xx_hal_i2c.o
LOAD ./Drivers/STM32F4xx_HAL_Driver/stm32f4xx_hal_i2c_ex.o
LOAD ./Drivers/STM32F4xx_HAL_Driver/stm32f4xx_hal_pwr.o
LOAD ./Drivers/STM32F4xx_HAL_Driver/stm32f4xx_hal_pwr_ex.o
LOAD ./Drivers/STM32F4xx_HAL_Driver/stm32f4xx_hal_rcc.o
LOAD ./Drivers/STM32F4xx_HAL_Driver/stm32f4xx_hal_rcc_ex.o
LOAD ./Drivers/STM32F4xx_HAL_Driver/stm32f4xx_hal_spi.o
LOAD ./Drivers/STM32F4xx_HAL_Driver/stm32f4xx_hal_tim.o
LOAD ./Drivers/STM32F4xx_HAL_Driver/stm32f4xx_hal_tim_ex.o
START GROUP
LOAD c:/st/stm32cubeide_1.7.0/stm32cubeide/plugins/com.st.stm32cube.ide.mcu.externaltools.gnu-tools-for-stm32.9-2020-q2-update.win32_2.0.0.202105311346/tools/bin/../lib/gcc/arm-none-eabi/9.3.1/../../../../arm-none-eabi/lib/thumb/v7e-m+fp/hard\libc_nano.a
LOAD c:/st/stm32cubeide_1.7.0/stm32cubeide/plugins/com.st.stm32cube.ide.mcu.externaltools.gnu-tools-for-stm32.9-2020-q2-update.win32_2.0.0.202105311346/tools/bin/../lib/gcc/arm-none-eabi/9.3.1/../../../../arm-none-eabi/lib/thumb/v7e-m+fp/hard\libm.a
END GROUP
START GROUP
LOAD c:/st/stm32cubeide_1.7.0/stm32cubeide/plugins/com.st.stm32cube.ide.mcu.externaltools.gnu-tools-for-stm32.9-2020-q2-update.win32_2.0.0.202105311346/tools/bin/../lib/gcc/arm-none-eabi/9.3.1/thumb/v7e-m+fp/hard\libgcc.a
LOAD c:/st/stm32cubeide_1.7.0/stm32cubeide/plugins/com.st.stm32cube.ide.mcu.externaltools.gnu-tools-for-stm32.9-2020-q2-update.win32_2.0.0.202105311346/tools/bin/../lib/gcc/arm-none-eabi/9.3.1/../../../../arm-none-eabi/lib/thumb/v7e-m+fp/hard\libc_nano.a
END GROUP
START GROUP
LOAD c:/st/stm32cubeide_1.7.0/stm32cubeide/plugins/com.st.stm32cube.ide.mcu.externaltools.gnu-tools-for-stm32.9-2020-q2-update.win32_2.0.0.202105311346/tools/bin/../lib/gcc/arm-none-eabi/9.3.1/thumb/v7e-m+fp/hard\libgcc.a
LOAD c:/st/stm32cubeide_1.7.0/stm32cubeide/plugins/com.st.stm32cube.ide.mcu.externaltools.gnu-tools-for-stm32.9-2020-q2-update.win32_2.0.0.202105311346/tools/bin/../lib/gcc/arm-none-eabi/9.3.1/../../../../arm-none-eabi/lib/thumb/v7e-m+fp/hard\libc_nano.a
LOAD c:/st/stm32cubeide_1.7.0/stm32cubeide/plugins/com.st.stm32cube.ide.mcu.externaltools.gnu-tools-for-stm32.9-2020-q2-update.win32_2.0.0.202105311346/tools/bin/../lib/gcc/arm-none-eabi/9.3.1/../../../../arm-none-eabi/lib/thumb/v7e-m+fp/hard\libnosys.a
END GROUP
START GROUP
LOAD c:/st/stm32cubeide_1.7.0/stm32cubeide/plugins/com.st.stm32cube.ide.mcu.externaltools.gnu-tools-for-stm32.9-2020-q2-update.win32_2.0.0.202105311346/tools/bin/../lib/gcc/arm-none-eabi/9.3.1/thumb/v7e-m+fp/hard\libgcc.a
LOAD c:/st/stm32cubeide_1.7.0/stm32cubeide/plugins/com.st.stm32cube.ide.mcu.externaltools.gnu-tools-for-stm32.9-2020-q2-update.win32_2.0.0.202105311346/tools/bin/../lib/gcc/arm-none-eabi/9.3.1/../../../../arm-none-eabi/lib/thumb/v7e-m+fp/hard\libc_nano.a
LOAD c:/st/stm32cubeide_1.7.0/stm32cubeide/plugins/com.st.stm32cube.ide.mcu.externaltools.gnu-tools-for-stm32.9-2020-q2-update.win32_2.0.0.202105311346/tools/bin/../lib/gcc/arm-none-eabi/9.3.1/../../../../arm-none-eabi/lib/thumb/v7e-m+fp/hard\libnosys.a
END GROUP
LOAD c:/st/stm32cubeide_1.7.0/stm32cubeide/plugins/com.st.stm32cube.ide.mcu.externaltools.gnu-tools-for-stm32.9-2020-q2-update.win32_2.0.0.202105311346/tools/bin/../lib/gcc/arm-none-eabi/9.3.1/thumb/v7e-m+fp/hard/crtend.o
LOAD c:/st/stm32cubeide_1.7.0/stm32cubeide/plugins/com.st.stm32cube.ide.mcu.externaltools.gnu-tools-for-stm32.9-2020-q2-update.win32_2.0.0.202105311346/tools/bin/../lib/gcc/arm-none-eabi/9.3.1/thumb/v7e-m+fp/hard/crtn.o
                0x0000000020020000                _estack = (ORIGIN (RAM) + LENGTH (RAM))
                0x0000000000000200                _Min_Heap_Size = 0x200
                0x0000000000000400                _Min_Stack_Size = 0x400

.isr_vector     0x0000000008000000      0x198
                0x0000000008000000                . = ALIGN (0x4)
 *(.isr_vector)
 .isr_vector    0x0000000008000000      0x198 ./Core/Startup/startup_stm32f411vetx.o
                0x0000000008000000                g_pfnVectors
                0x0000000008000198                . = ALIGN (0x4)

.text           0x0000000008000198     0x2fe0
                0x0000000008000198                . = ALIGN (0x4)
 *(.text)
 .text          0x0000000008000198       0x40 c:/st/stm32cubeide_1.7.0/stm32cubeide/plugins/com.st.stm32cube.ide.mcu.externaltools.gnu-tools-for-stm32.9-2020-q2-update.win32_2.0.0.202105311346/tools/bin/../lib/gcc/arm-none-eabi/9.3.1/thumb/v7e-m+fp/hard/crtbegin.o
 .text          0x00000000080001d8       0x30 c:/st/stm32cubeide_1.7.0/stm32cubeide/plugins/com.st.stm32cube.ide.mcu.externaltools.gnu-tools-for-stm32.9-2020-q2-update.win32_2.0.0.202105311346/tools/bin/../lib/gcc/arm-none-eabi/9.3.1/thumb/v7e-m+fp/hard\libgcc.a(_aeabi_uldivmod.o)
                0x00000000080001d8                __aeabi_uldivmod
 .text          0x0000000008000208      0x2c4 c:/st/stm32cubeide_1.7.0/stm32cubeide/plugins/com.st.stm32cube.ide.mcu.externaltools.gnu-tools-for-stm32.9-2020-q2-update.win32_2.0.0.202105311346/tools/bin/../lib/gcc/arm-none-eabi/9.3.1/thumb/v7e-m+fp/hard\libgcc.a(_udivmoddi4.o)
                0x0000000008000208                __udivmoddi4
 .text          0x00000000080004cc        0x4 c:/st/stm32cubeide_1.7.0/stm32cubeide/plugins/com.st.stm32cube.ide.mcu.externaltools.gnu-tools-for-stm32.9-2020-q2-update.win32_2.0.0.202105311346/tools/bin/../lib/gcc/arm-none-eabi/9.3.1/thumb/v7e-m+fp/hard\libgcc.a(_dvmd_tls.o)
                0x00000000080004cc                __aeabi_idiv0
                0x00000000080004cc                __aeabi_ldiv0
 *(.text*)
 .text.turnOnLed.8550
                0x00000000080004d0       0x2e ./Core/Src/main.o
 *fill*         0x00000000080004fe        0x2 
 .text.main     0x0000000008000500      0x148 ./Core/Src/main.o
                0x0000000008000500                main
 .text.turnOfLEDS.8552
                0x0000000008000648       0x48 ./Core/Src/main.o
 .text.SystemClock_Config
                0x0000000008000690       0xd0 ./Core/Src/main.o
                0x0000000008000690                SystemClock_Config
 .text.MX_I2C1_Init
                0x0000000008000760       0x5c ./Core/Src/main.o
 .text.MX_SPI1_Init
                0x00000000080007bc       0x6c ./Core/Src/main.o
 .text.MX_GPIO_Init
                0x0000000008000828       0xec ./Core/Src/main.o
 .text.Error_Handler
                0x0000000008000914        0xa ./Core/Src/main.o
                0x0000000008000914                Error_Handler
 *fill*         0x000000000800091e        0x2 
 .text.HAL_MspInit
                0x0000000008000920       0x50 ./Core/Src/stm32f4xx_hal_msp.o
                0x0000000008000920                HAL_MspInit
 .text.HAL_I2C_MspInit
                0x0000000008000970       0x90 ./Core/Src/stm32f4xx_hal_msp.o
                0x0000000008000970                HAL_I2C_MspInit
 .text.HAL_SPI_MspInit
                0x0000000008000a00       0x90 ./Core/Src/stm32f4xx_hal_msp.o
                0x0000000008000a00                HAL_SPI_MspInit
 .text.HAL_SPI_MspDeInit
                0x0000000008000a90       0x3c ./Core/Src/stm32f4xx_hal_msp.o
                0x0000000008000a90                HAL_SPI_MspDeInit
 .text.NMI_Handler
                0x0000000008000acc        0x6 ./Core/Src/stm32f4xx_it.o
                0x0000000008000acc                NMI_Handler
 .text.HardFault_Handler
                0x0000000008000ad2        0x6 ./Core/Src/stm32f4xx_it.o
                0x0000000008000ad2                HardFault_Handler
 .text.MemManage_Handler
                0x0000000008000ad8        0x6 ./Core/Src/stm32f4xx_it.o
                0x0000000008000ad8                MemManage_Handler
 .text.BusFault_Handler
                0x0000000008000ade        0x6 ./Core/Src/stm32f4xx_it.o
                0x0000000008000ade                BusFault_Handler
 .text.UsageFault_Handler
                0x0000000008000ae4        0x6 ./Core/Src/stm32f4xx_it.o
                0x0000000008000ae4                UsageFault_Handler
 .text.SVC_Handler
                0x0000000008000aea        0xe ./Core/Src/stm32f4xx_it.o
                0x0000000008000aea                SVC_Handler
 .text.DebugMon_Handler
                0x0000000008000af8        0xe ./Core/Src/stm32f4xx_it.o
                0x0000000008000af8                DebugMon_Handler
 .text.PendSV_Handler
                0x0000000008000b06        0xe ./Core/Src/stm32f4xx_it.o
                0x0000000008000b06                PendSV_Handler
 .text.SysTick_Handler
                0x0000000008000b14        0xc ./Core/Src/stm32f4xx_it.o
                0x0000000008000b14                SysTick_Handler
 .text.SystemInit
                0x0000000008000b20       0x24 ./Core/Src/system_stm32f4xx.o
                0x0000000008000b20                SystemInit
 .text.Reset_Handler
                0x0000000008000b44       0x50 ./Core/Startup/startup_stm32f411vetx.o
                0x0000000008000b44                Reset_Handler
 .text.Default_Handler
                0x0000000008000b94        0x2 ./Core/Startup/startup_stm32f411vetx.o
                0x0000000008000b94                RTC_Alarm_IRQHandler
                0x0000000008000b94                EXTI2_IRQHandler
                0x0000000008000b94                SPI4_IRQHandler
                0x0000000008000b94                TIM1_CC_IRQHandler
                0x0000000008000b94                DMA2_Stream5_IRQHandler
                0x0000000008000b94                DMA1_Stream5_IRQHandler
                0x0000000008000b94                PVD_IRQHandler
                0x0000000008000b94                SDIO_IRQHandler
                0x0000000008000b94                TAMP_STAMP_IRQHandler
                0x0000000008000b94                EXTI3_IRQHandler
                0x0000000008000b94                TIM1_UP_TIM10_IRQHandler
                0x0000000008000b94                I2C3_ER_IRQHandler
                0x0000000008000b94                EXTI0_IRQHandler
                0x0000000008000b94                I2C2_EV_IRQHandler
                0x0000000008000b94                DMA1_Stream2_IRQHandler
                0x0000000008000b94                FPU_IRQHandler
                0x0000000008000b94                DMA2_Stream2_IRQHandler
                0x0000000008000b94                SPI1_IRQHandler
                0x0000000008000b94                TIM1_BRK_TIM9_IRQHandler
                0x0000000008000b94                DMA2_Stream3_IRQHandler
                0x0000000008000b94                USART6_IRQHandler
                0x0000000008000b94                DMA2_Stream0_IRQHandler
                0x0000000008000b94                TIM4_IRQHandler
                0x0000000008000b94                I2C1_EV_IRQHandler
                0x0000000008000b94                DMA1_Stream6_IRQHandler
                0x0000000008000b94                DMA1_Stream1_IRQHandler
                0x0000000008000b94                TIM3_IRQHandler
                0x0000000008000b94                RCC_IRQHandler
                0x0000000008000b94                Default_Handler
                0x0000000008000b94                EXTI15_10_IRQHandler
                0x0000000008000b94                ADC_IRQHandler
                0x0000000008000b94                DMA1_Stream7_IRQHandler
                0x0000000008000b94                SPI5_IRQHandler
                0x0000000008000b94                TIM5_IRQHandler
                0x0000000008000b94                DMA2_Stream7_IRQHandler
                0x0000000008000b94                I2C3_EV_IRQHandler
                0x0000000008000b94                EXTI9_5_IRQHandler
                0x0000000008000b94                RTC_WKUP_IRQHandler
                0x0000000008000b94                SPI2_IRQHandler
                0x0000000008000b94                DMA1_Stream0_IRQHandler
                0x0000000008000b94                EXTI4_IRQHandler
                0x0000000008000b94                WWDG_IRQHandler
                0x0000000008000b94                TIM2_IRQHandler
                0x0000000008000b94                OTG_FS_WKUP_IRQHandler
                0x0000000008000b94                TIM1_TRG_COM_TIM11_IRQHandler
                0x0000000008000b94                EXTI1_IRQHandler
                0x0000000008000b94                USART2_IRQHandler
                0x0000000008000b94                I2C2_ER_IRQHandler
                0x0000000008000b94                DMA2_Stream1_IRQHandler
                0x0000000008000b94                FLASH_IRQHandler
                0x0000000008000b94                DMA2_Stream4_IRQHandler
                0x0000000008000b94                USART1_IRQHandler
                0x0000000008000b94                OTG_FS_IRQHandler
                0x0000000008000b94                SPI3_IRQHandler
                0x0000000008000b94                DMA1_Stream4_IRQHandler
                0x0000000008000b94                I2C1_ER_IRQHandler
                0x0000000008000b94                DMA2_Stream6_IRQHandler
                0x0000000008000b94                DMA1_Stream3_IRQHandler
 .text.I3G4250D_Init
                0x0000000008000b96       0x46 ./Drivers/BSP/Components/i3g4250d/i3g4250d.o
                0x0000000008000b96                I3G4250D_Init
 .text.I3G4250D_DeInit
                0x0000000008000bdc        0xe ./Drivers/BSP/Components/i3g4250d/i3g4250d.o
                0x0000000008000bdc                I3G4250D_DeInit
 .text.I3G4250D_ReadID
                0x0000000008000bea       0x20 ./Drivers/BSP/Components/i3g4250d/i3g4250d.o
                0x0000000008000bea                I3G4250D_ReadID
 .text.I3G4250D_RebootCmd
                0x0000000008000c0a       0x30 ./Drivers/BSP/Components/i3g4250d/i3g4250d.o
                0x0000000008000c0a                I3G4250D_RebootCmd
 .text.I3G4250D_LowPower
                0x0000000008000c3a       0x2a ./Drivers/BSP/Components/i3g4250d/i3g4250d.o
                0x0000000008000c3a                I3G4250D_LowPower
 .text.I3G4250D_INT1InterruptConfig
                0x0000000008000c64       0x86 ./Drivers/BSP/Components/i3g4250d/i3g4250d.o
                0x0000000008000c64                I3G4250D_INT1InterruptConfig
 .text.I3G4250D_EnableIT
                0x0000000008000cea       0x64 ./Drivers/BSP/Components/i3g4250d/i3g4250d.o
                0x0000000008000cea                I3G4250D_EnableIT
 .text.I3G4250D_DisableIT
                0x0000000008000d4e       0x58 ./Drivers/BSP/Components/i3g4250d/i3g4250d.o
                0x0000000008000d4e                I3G4250D_DisableIT
 .text.I3G4250D_FilterConfig
                0x0000000008000da6       0x42 ./Drivers/BSP/Components/i3g4250d/i3g4250d.o
                0x0000000008000da6                I3G4250D_FilterConfig
 .text.I3G4250D_FilterCmd
                0x0000000008000de8       0x42 ./Drivers/BSP/Components/i3g4250d/i3g4250d.o
                0x0000000008000de8                I3G4250D_FilterCmd
 *fill*         0x0000000008000e2a        0x2 
 .text.I3G4250D_ReadXYZAngRate
                0x0000000008000e2c      0x164 ./Drivers/BSP/Components/i3g4250d/i3g4250d.o
                0x0000000008000e2c                I3G4250D_ReadXYZAngRate
 .text.L3GD20_Init
                0x0000000008000f90       0x46 ./Drivers/BSP/Components/l3gd20/l3gd20.o
                0x0000000008000f90                L3GD20_Init
 .text.L3GD20_DeInit
                0x0000000008000fd6        0xe ./Drivers/BSP/Components/l3gd20/l3gd20.o
                0x0000000008000fd6                L3GD20_DeInit
 .text.L3GD20_ReadID
                0x0000000008000fe4       0x20 ./Drivers/BSP/Components/l3gd20/l3gd20.o
                0x0000000008000fe4                L3GD20_ReadID
 .text.L3GD20_RebootCmd
                0x0000000008001004       0x30 ./Drivers/BSP/Components/l3gd20/l3gd20.o
                0x0000000008001004                L3GD20_RebootCmd
 .text.L3GD20_LowPower
                0x0000000008001034       0x2a ./Drivers/BSP/Components/l3gd20/l3gd20.o
                0x0000000008001034                L3GD20_LowPower
 .text.L3GD20_INT1InterruptConfig
                0x000000000800105e       0x86 ./Drivers/BSP/Components/l3gd20/l3gd20.o
                0x000000000800105e                L3GD20_INT1InterruptConfig
 .text.L3GD20_EnableIT
                0x00000000080010e4       0x64 ./Drivers/BSP/Components/l3gd20/l3gd20.o
                0x00000000080010e4                L3GD20_EnableIT
 .text.L3GD20_DisableIT
                0x0000000008001148       0x58 ./Drivers/BSP/Components/l3gd20/l3gd20.o
                0x0000000008001148                L3GD20_DisableIT
 .text.L3GD20_FilterConfig
                0x00000000080011a0       0x42 ./Drivers/BSP/Components/l3gd20/l3gd20.o
                0x00000000080011a0                L3GD20_FilterConfig
 .text.L3GD20_FilterCmd
                0x00000000080011e2       0x42 ./Drivers/BSP/Components/l3gd20/l3gd20.o
                0x00000000080011e2                L3GD20_FilterCmd
 .text.L3GD20_ReadXYZAngRate
                0x0000000008001224      0x164 ./Drivers/BSP/Components/l3gd20/l3gd20.o
                0x0000000008001224                L3GD20_ReadXYZAngRate
 .text.SPIx_Init
                0x0000000008001388       0x74 ./Drivers/BSP/STM32F411E-Discovery/stm32f411e_discovery.o
 .text.SPIx_WriteRead
                0x00000000080013fc       0x40 ./Drivers/BSP/STM32F411E-Discovery/stm32f411e_discovery.o
 .text.SPIx_Error
                0x000000000800143c       0x18 ./Drivers/BSP/STM32F411E-Discovery/stm32f411e_discovery.o
 .text.SPIx_MspInit
                0x0000000008001454       0x70 ./Drivers/BSP/STM32F411E-Discovery/stm32f411e_discovery.o
 .text.GYRO_IO_Init
                0x00000000080014c4       0x94 ./Drivers/BSP/STM32F411E-Discovery/stm32f411e_discovery.o
                0x00000000080014c4                GYRO_IO_Init
 .text.GYRO_IO_Write
                0x0000000008001558       0x64 ./Drivers/BSP/STM32F411E-Discovery/stm32f411e_discovery.o
                0x0000000008001558                GYRO_IO_Write
 .text.GYRO_IO_Read
                0x00000000080015bc       0x74 ./Drivers/BSP/STM32F411E-Discovery/stm32f411e_discovery.o
                0x00000000080015bc                GYRO_IO_Read
 .text.BSP_GYRO_Init
                0x0000000008001630      0x16c ./Drivers/BSP/STM32F411E-Discovery/stm32f411e_discovery_gyroscope.o
                0x0000000008001630                BSP_GYRO_Init
 .text.BSP_GYRO_GetXYZ
                0x000000000800179c       0x28 ./Drivers/BSP/STM32F411E-Discovery/stm32f411e_discovery_gyroscope.o
                0x000000000800179c                BSP_GYRO_GetXYZ
 .text.HAL_Init
                0x00000000080017c4       0x44 ./Drivers/STM32F4xx_HAL_Driver/stm32f4xx_hal.o
                0x00000000080017c4                HAL_Init
 .text.HAL_InitTick
                0x0000000008001808       0x60 ./Drivers/STM32F4xx_HAL_Driver/stm32f4xx_hal.o
                0x0000000008001808                HAL_InitTick
 .text.HAL_IncTick
                0x0000000008001868       0x28 ./Drivers/STM32F4xx_HAL_Driver/stm32f4xx_hal.o
                0x0000000008001868                HAL_IncTick
 .text.HAL_GetTick
                0x0000000008001890       0x18 ./Drivers/STM32F4xx_HAL_Driver/stm32f4xx_hal.o
                0x0000000008001890                HAL_GetTick
 .text.HAL_Delay
                0x00000000080018a8       0x48 ./Drivers/STM32F4xx_HAL_Driver/stm32f4xx_hal.o
                0x00000000080018a8                HAL_Delay
 .text.__NVIC_SetPriorityGrouping
                0x00000000080018f0       0x48 ./Drivers/STM32F4xx_HAL_Driver/stm32f4xx_hal_cortex.o
 .text.__NVIC_GetPriorityGrouping
                0x0000000008001938       0x1c ./Drivers/STM32F4xx_HAL_Driver/stm32f4xx_hal_cortex.o
 .text.__NVIC_SetPriority
                0x0000000008001954       0x54 ./Drivers/STM32F4xx_HAL_Driver/stm32f4xx_hal_cortex.o
 .text.NVIC_EncodePriority
                0x00000000080019a8       0x66 ./Drivers/STM32F4xx_HAL_Driver/stm32f4xx_hal_cortex.o
 *fill*         0x0000000008001a0e        0x2 
 .text.SysTick_Config
                0x0000000008001a10       0x44 ./Drivers/STM32F4xx_HAL_Driver/stm32f4xx_hal_cortex.o
 .text.HAL_NVIC_SetPriorityGrouping
                0x0000000008001a54       0x16 ./Drivers/STM32F4xx_HAL_Driver/stm32f4xx_hal_cortex.o
                0x0000000008001a54                HAL_NVIC_SetPriorityGrouping
 .text.HAL_NVIC_SetPriority
                0x0000000008001a6a       0x38 ./Drivers/STM32F4xx_HAL_Driver/stm32f4xx_hal_cortex.o
                0x0000000008001a6a                HAL_NVIC_SetPriority
 .text.HAL_SYSTICK_Config
                0x0000000008001aa2       0x18 ./Drivers/STM32F4xx_HAL_Driver/stm32f4xx_hal_cortex.o
                0x0000000008001aa2                HAL_SYSTICK_Config
 *fill*         0x0000000008001aba        0x2 
 .text.HAL_GPIO_Init
                0x0000000008001abc      0x308 ./Drivers/STM32F4xx_HAL_Driver/stm32f4xx_hal_gpio.o
                0x0000000008001abc                HAL_GPIO_Init
 .text.HAL_GPIO_DeInit
                0x0000000008001dc4      0x1c8 ./Drivers/STM32F4xx_HAL_Driver/stm32f4xx_hal_gpio.o
                0x0000000008001dc4                HAL_GPIO_DeInit
 .text.HAL_GPIO_WritePin
                0x0000000008001f8c       0x32 ./Drivers/STM32F4xx_HAL_Driver/stm32f4xx_hal_gpio.o
                0x0000000008001f8c                HAL_GPIO_WritePin
 *fill*         0x0000000008001fbe        0x2 
 .text.HAL_I2C_Init
                0x0000000008001fc0      0x288 ./Drivers/STM32F4xx_HAL_Driver/stm32f4xx_hal_i2c.o
                0x0000000008001fc0                HAL_I2C_Init
 .text.HAL_RCC_OscConfig
                0x0000000008002248      0x4f0 ./Drivers/STM32F4xx_HAL_Driver/stm32f4xx_hal_rcc.o
                0x0000000008002248                HAL_RCC_OscConfig
 .text.HAL_RCC_ClockConfig
                0x0000000008002738      0x1cc ./Drivers/STM32F4xx_HAL_Driver/stm32f4xx_hal_rcc.o
                0x0000000008002738                HAL_RCC_ClockConfig
 .text.HAL_RCC_GetSysClockFreq
                0x0000000008002904      0x16c ./Drivers/STM32F4xx_HAL_Driver/stm32f4xx_hal_rcc.o
                0x0000000008002904                HAL_RCC_GetSysClockFreq
 .text.HAL_RCC_GetHCLKFreq
                0x0000000008002a70       0x18 ./Drivers/STM32F4xx_HAL_Driver/stm32f4xx_hal_rcc.o
                0x0000000008002a70                HAL_RCC_GetHCLKFreq
 .text.HAL_RCC_GetPCLK1Freq
                0x0000000008002a88       0x28 ./Drivers/STM32F4xx_HAL_Driver/stm32f4xx_hal_rcc.o
                0x0000000008002a88                HAL_RCC_GetPCLK1Freq
 .text.HAL_SPI_Init
                0x0000000008002ab0      0x112 ./Drivers/STM32F4xx_HAL_Driver/stm32f4xx_hal_spi.o
                0x0000000008002ab0                HAL_SPI_Init
 .text.HAL_SPI_DeInit
                0x0000000008002bc2       0x50 ./Drivers/STM32F4xx_HAL_Driver/stm32f4xx_hal_spi.o
                0x0000000008002bc2                HAL_SPI_DeInit
 .text.HAL_SPI_TransmitReceive
                0x0000000008002c12      0x344 ./Drivers/STM32F4xx_HAL_Driver/stm32f4xx_hal_spi.o
                0x0000000008002c12                HAL_SPI_TransmitReceive
 .text.HAL_SPI_GetState
                0x0000000008002f56       0x1c ./Drivers/STM32F4xx_HAL_Driver/stm32f4xx_hal_spi.o
                0x0000000008002f56                HAL_SPI_GetState
 *fill*         0x0000000008002f72        0x2 
 .text.SPI_WaitFlagStateUntilTimeout
                0x0000000008002f74      0x110 ./Drivers/STM32F4xx_HAL_Driver/stm32f4xx_hal_spi.o
 .text.SPI_EndRxTxTransaction
                0x0000000008003084       0x84 ./Drivers/STM32F4xx_HAL_Driver/stm32f4xx_hal_spi.o
 .text.__libc_init_array
                0x0000000008003108       0x48 c:/st/stm32cubeide_1.7.0/stm32cubeide/plugins/com.st.stm32cube.ide.mcu.externaltools.gnu-tools-for-stm32.9-2020-q2-update.win32_2.0.0.202105311346/tools/bin/../lib/gcc/arm-none-eabi/9.3.1/../../../../arm-none-eabi/lib/thumb/v7e-m+fp/hard\libc_nano.a(lib_a-init.o)
                0x0000000008003108                __libc_init_array
 .text.memset   0x0000000008003150       0x10 c:/st/stm32cubeide_1.7.0/stm32cubeide/plugins/com.st.stm32cube.ide.mcu.externaltools.gnu-tools-for-stm32.9-2020-q2-update.win32_2.0.0.202105311346/tools/bin/../lib/gcc/arm-none-eabi/9.3.1/../../../../arm-none-eabi/lib/thumb/v7e-m+fp/hard\libc_nano.a(lib_a-memset.o)
                0x0000000008003150                memset
 *(.glue_7)
 .glue_7        0x0000000008003160        0x0 linker stubs
 *(.glue_7t)
 .glue_7t       0x0000000008003160        0x0 linker stubs
 *(.eh_frame)
 .eh_frame      0x0000000008003160        0x0 c:/st/stm32cubeide_1.7.0/stm32cubeide/plugins/com.st.stm32cube.ide.mcu.externaltools.gnu-tools-for-stm32.9-2020-q2-update.win32_2.0.0.202105311346/tools/bin/../lib/gcc/arm-none-eabi/9.3.1/thumb/v7e-m+fp/hard/crtbegin.o
 *(.init)
 .init          0x0000000008003160        0x4 c:/st/stm32cubeide_1.7.0/stm32cubeide/plugins/com.st.stm32cube.ide.mcu.externaltools.gnu-tools-for-stm32.9-2020-q2-update.win32_2.0.0.202105311346/tools/bin/../lib/gcc/arm-none-eabi/9.3.1/thumb/v7e-m+fp/hard/crti.o
                0x0000000008003160                _init
 .init          0x0000000008003164        0x8 c:/st/stm32cubeide_1.7.0/stm32cubeide/plugins/com.st.stm32cube.ide.mcu.externaltools.gnu-tools-for-stm32.9-2020-q2-update.win32_2.0.0.202105311346/tools/bin/../lib/gcc/arm-none-eabi/9.3.1/thumb/v7e-m+fp/hard/crtn.o
 *(.fini)
 .fini          0x000000000800316c        0x4 c:/st/stm32cubeide_1.7.0/stm32cubeide/plugins/com.st.stm32cube.ide.mcu.externaltools.gnu-tools-for-stm32.9-2020-q2-update.win32_2.0.0.202105311346/tools/bin/../lib/gcc/arm-none-eabi/9.3.1/thumb/v7e-m+fp/hard/crti.o
                0x000000000800316c                _fini
 .fini          0x0000000008003170        0x8 c:/st/stm32cubeide_1.7.0/stm32cubeide/plugins/com.st.stm32cube.ide.mcu.externaltools.gnu-tools-for-stm32.9-2020-q2-update.win32_2.0.0.202105311346/tools/bin/../lib/gcc/arm-none-eabi/9.3.1/thumb/v7e-m+fp/hard/crtn.o
                0x0000000008003178                . = ALIGN (0x4)
                0x0000000008003178                _etext = .

.vfp11_veneer   0x0000000008003178        0x0
 .vfp11_veneer  0x0000000008003178        0x0 linker stubs

.v4_bx          0x0000000008003178        0x0
 .v4_bx         0x0000000008003178        0x0 linker stubs

.iplt           0x0000000008003178        0x0
 .iplt          0x0000000008003178        0x0 c:/st/stm32cubeide_1.7.0/stm32cubeide/plugins/com.st.stm32cube.ide.mcu.externaltools.gnu-tools-for-stm32.9-2020-q2-update.win32_2.0.0.202105311346/tools/bin/../lib/gcc/arm-none-eabi/9.3.1/thumb/v7e-m+fp/hard/crtbegin.o

.rodata         0x0000000008003178       0x18
                0x0000000008003178                . = ALIGN (0x4)
 *(.rodata)
 *(.rodata*)
 .rodata.AHBPrescTable
                0x0000000008003178       0x10 ./Core/Src/system_stm32f4xx.o
                0x0000000008003178                AHBPrescTable
 .rodata.APBPrescTable
                0x0000000008003188        0x8 ./Core/Src/system_stm32f4xx.o
                0x0000000008003188                APBPrescTable
                0x0000000008003190                . = ALIGN (0x4)

.ARM.extab      0x0000000008003190        0x0
                0x0000000008003190                . = ALIGN (0x4)
 *(.ARM.extab* .gnu.linkonce.armextab.*)
                0x0000000008003190                . = ALIGN (0x4)

.ARM            0x0000000008003190        0x8
                0x0000000008003190                . = ALIGN (0x4)
                0x0000000008003190                __exidx_start = .
 *(.ARM.exidx*)
 .ARM.exidx     0x0000000008003190        0x8 c:/st/stm32cubeide_1.7.0/stm32cubeide/plugins/com.st.stm32cube.ide.mcu.externaltools.gnu-tools-for-stm32.9-2020-q2-update.win32_2.0.0.202105311346/tools/bin/../lib/gcc/arm-none-eabi/9.3.1/thumb/v7e-m+fp/hard\libgcc.a(_udivmoddi4.o)
                0x0000000008003198                __exidx_end = .
                0x0000000008003198                . = ALIGN (0x4)

.rel.dyn        0x0000000008003198        0x0
 .rel.iplt      0x0000000008003198        0x0 c:/st/stm32cubeide_1.7.0/stm32cubeide/plugins/com.st.stm32cube.ide.mcu.externaltools.gnu-tools-for-stm32.9-2020-q2-update.win32_2.0.0.202105311346/tools/bin/../lib/gcc/arm-none-eabi/9.3.1/thumb/v7e-m+fp/hard/crtbegin.o

.preinit_array  0x0000000008003198        0x0
                0x0000000008003198                . = ALIGN (0x4)
                0x0000000008003198                PROVIDE (__preinit_array_start = .)
 *(.preinit_array*)
                0x0000000008003198                PROVIDE (__preinit_array_end = .)
                0x0000000008003198                . = ALIGN (0x4)

.init_array     0x0000000008003198        0x4
                0x0000000008003198                . = ALIGN (0x4)
                0x0000000008003198                PROVIDE (__init_array_start = .)
 *(SORT_BY_NAME(.init_array.*))
 *(.init_array*)
 .init_array    0x0000000008003198        0x4 c:/st/stm32cubeide_1.7.0/stm32cubeide/plugins/com.st.stm32cube.ide.mcu.externaltools.gnu-tools-for-stm32.9-2020-q2-update.win32_2.0.0.202105311346/tools/bin/../lib/gcc/arm-none-eabi/9.3.1/thumb/v7e-m+fp/hard/crtbegin.o
                0x000000000800319c                PROVIDE (__init_array_end = .)
                0x000000000800319c                . = ALIGN (0x4)

.fini_array     0x000000000800319c        0x4
                0x000000000800319c                . = ALIGN (0x4)
                [!provide]                        PROVIDE (__fini_array_start = .)
 *(SORT_BY_NAME(.fini_array.*))
 *(.fini_array*)
 .fini_array    0x000000000800319c        0x4 c:/st/stm32cubeide_1.7.0/stm32cubeide/plugins/com.st.stm32cube.ide.mcu.externaltools.gnu-tools-for-stm32.9-2020-q2-update.win32_2.0.0.202105311346/tools/bin/../lib/gcc/arm-none-eabi/9.3.1/thumb/v7e-m+fp/hard/crtbegin.o
                [!provide]                        PROVIDE (__fini_array_end = .)
                0x00000000080031a0                . = ALIGN (0x4)
                0x00000000080031a0                _sidata = LOADADDR (.data)

.data           0x0000000020000000       0x78 load address 0x00000000080031a0
                0x0000000020000000                . = ALIGN (0x4)
                0x0000000020000000                _sdata = .
 *(.data)
 *(.data*)
 .data.SystemCoreClock
                0x0000000020000000        0x4 ./Core/Src/system_stm32f4xx.o
                0x0000000020000000                SystemCoreClock
 .data.I3g4250Drv
                0x0000000020000004       0x34 ./Drivers/BSP/Components/i3g4250d/i3g4250d.o
                0x0000000020000004                I3g4250Drv
 .data.L3gd20Drv
                0x0000000020000038       0x34 ./Drivers/BSP/Components/l3gd20/l3gd20.o
                0x0000000020000038                L3gd20Drv
 .data.SpixTimeout
                0x000000002000006c        0x4 ./Drivers/BSP/STM32F411E-Discovery/stm32f411e_discovery.o
                0x000000002000006c                SpixTimeout
 .data.uwTickPrio
                0x0000000020000070        0x4 ./Drivers/STM32F4xx_HAL_Driver/stm32f4xx_hal.o
                0x0000000020000070                uwTickPrio
 .data.uwTickFreq
                0x0000000020000074        0x1 ./Drivers/STM32F4xx_HAL_Driver/stm32f4xx_hal.o
                0x0000000020000074                uwTickFreq
 *(.RamFunc)
 *(.RamFunc*)
                0x0000000020000078                . = ALIGN (0x4)
 *fill*         0x0000000020000075        0x3 
                0x0000000020000078                _edata = .

.igot.plt       0x0000000020000078        0x0 load address 0x0000000008003218
 .igot.plt      0x0000000020000078        0x0 c:/st/stm32cubeide_1.7.0/stm32cubeide/plugins/com.st.stm32cube.ide.mcu.externaltools.gnu-tools-for-stm32.9-2020-q2-update.win32_2.0.0.202105311346/tools/bin/../lib/gcc/arm-none-eabi/9.3.1/thumb/v7e-m+fp/hard/crtbegin.o
                0x0000000020000078                . = ALIGN (0x4)

.bss            0x0000000020000078      0x128 load address 0x0000000008003218
                0x0000000020000078                _sbss = .
                0x0000000020000078                __bss_start__ = _sbss
 *(.bss)
 .bss           0x0000000020000078       0x1c c:/st/stm32cubeide_1.7.0/stm32cubeide/plugins/com.st.stm32cube.ide.mcu.externaltools.gnu-tools-for-stm32.9-2020-q2-update.win32_2.0.0.202105311346/tools/bin/../lib/gcc/arm-none-eabi/9.3.1/thumb/v7e-m+fp/hard/crtbegin.o
 *(.bss*)
 .bss.SpiHandle
                0x0000000020000094       0x58 ./Drivers/BSP/STM32F411E-Discovery/stm32f411e_discovery.o
 .bss.GyroscopeDrv
                0x00000000200000ec        0x4 ./Drivers/BSP/STM32F411E-Discovery/stm32f411e_discovery_gyroscope.o
 *(COMMON)
 COMMON         0x00000000200000f0       0xac ./Core/Src/main.o
                0x00000000200000f0                hi2c1
                0x0000000020000144                hspi1
 COMMON         0x000000002000019c        0x4 ./Drivers/STM32F4xx_HAL_Driver/stm32f4xx_hal.o
                0x000000002000019c                uwTick
                0x00000000200001a0                . = ALIGN (0x4)
                0x00000000200001a0                _ebss = .
                0x00000000200001a0                __bss_end__ = _ebss

._user_heap_stack
                0x00000000200001a0      0x600 load address 0x0000000008003218
                0x00000000200001a0                . = ALIGN (0x8)
                [!provide]                        PROVIDE (end = .)
                0x00000000200001a0                PROVIDE (_end = .)
                0x00000000200003a0                . = (. + _Min_Heap_Size)
 *fill*         0x00000000200001a0      0x200 
                0x00000000200007a0                . = (. + _Min_Stack_Size)
 *fill*         0x00000000200003a0      0x400 
                0x00000000200007a0                . = ALIGN (0x8)

/DISCARD/
 libc.a(*)
 libm.a(*)
 libgcc.a(*)

.ARM.attributes
                0x0000000000000000       0x30
 *(.ARM.attributes)
 .ARM.attributes
                0x0000000000000000       0x1e c:/st/stm32cubeide_1.7.0/stm32cubeide/plugins/com.st.stm32cube.ide.mcu.externaltools.gnu-tools-for-stm32.9-2020-q2-update.win32_2.0.0.202105311346/tools/bin/../lib/gcc/arm-none-eabi/9.3.1/thumb/v7e-m+fp/hard/crti.o
 .ARM.attributes
                0x000000000000001e       0x34 c:/st/stm32cubeide_1.7.0/stm32cubeide/plugins/com.st.stm32cube.ide.mcu.externaltools.gnu-tools-for-stm32.9-2020-q2-update.win32_2.0.0.202105311346/tools/bin/../lib/gcc/arm-none-eabi/9.3.1/thumb/v7e-m+fp/hard/crtbegin.o
 .ARM.attributes
                0x0000000000000052       0x34 ./Core/Src/main.o
 .ARM.attributes
                0x0000000000000086       0x34 ./Core/Src/stm32f4xx_hal_msp.o
 .ARM.attributes
                0x00000000000000ba       0x34 ./Core/Src/stm32f4xx_it.o
 .ARM.attributes
                0x00000000000000ee       0x34 ./Core/Src/system_stm32f4xx.o
 .ARM.attributes
                0x0000000000000122       0x21 ./Core/Startup/startup_stm32f411vetx.o
 .ARM.attributes
                0x0000000000000143       0x34 ./Drivers/BSP/Components/i3g4250d/i3g4250d.o
 .ARM.attributes
                0x0000000000000177       0x34 ./Drivers/BSP/Components/l3gd20/l3gd20.o
 .ARM.attributes
                0x00000000000001ab       0x34 ./Drivers/BSP/STM32F411E-Discovery/stm32f411e_discovery.o
 .ARM.attributes
                0x00000000000001df       0x34 ./Drivers/BSP/STM32F411E-Discovery/stm32f411e_discovery_gyroscope.o
 .ARM.attributes
                0x0000000000000213       0x34 ./Drivers/STM32F4xx_HAL_Driver/stm32f4xx_hal.o
 .ARM.attributes
                0x0000000000000247       0x34 ./Drivers/STM32F4xx_HAL_Driver/stm32f4xx_hal_cortex.o
 .ARM.attributes
                0x000000000000027b       0x34 ./Drivers/STM32F4xx_HAL_Driver/stm32f4xx_hal_gpio.o
 .ARM.attributes
                0x00000000000002af       0x34 ./Drivers/STM32F4xx_HAL_Driver/stm32f4xx_hal_i2c.o
 .ARM.attributes
                0x00000000000002e3       0x34 ./Drivers/STM32F4xx_HAL_Driver/stm32f4xx_hal_rcc.o
 .ARM.attributes
                0x0000000000000317       0x34 ./Drivers/STM32F4xx_HAL_Driver/stm32f4xx_hal_spi.o
 .ARM.attributes
                0x000000000000034b       0x34 c:/st/stm32cubeide_1.7.0/stm32cubeide/plugins/com.st.stm32cube.ide.mcu.externaltools.gnu-tools-for-stm32.9-2020-q2-update.win32_2.0.0.202105311346/tools/bin/../lib/gcc/arm-none-eabi/9.3.1/../../../../arm-none-eabi/lib/thumb/v7e-m+fp/hard\libc_nano.a(lib_a-init.o)
 .ARM.attributes
                0x000000000000037f       0x34 c:/st/stm32cubeide_1.7.0/stm32cubeide/plugins/com.st.stm32cube.ide.mcu.externaltools.gnu-tools-for-stm32.9-2020-q2-update.win32_2.0.0.202105311346/tools/bin/../lib/gcc/arm-none-eabi/9.3.1/../../../../arm-none-eabi/lib/thumb/v7e-m+fp/hard\libc_nano.a(lib_a-memset.o)
 .ARM.attributes
                0x00000000000003b3       0x1e c:/st/stm32cubeide_1.7.0/stm32cubeide/plugins/com.st.stm32cube.ide.mcu.externaltools.gnu-tools-for-stm32.9-2020-q2-update.win32_2.0.0.202105311346/tools/bin/../lib/gcc/arm-none-eabi/9.3.1/thumb/v7e-m+fp/hard\libgcc.a(_aeabi_uldivmod.o)
 .ARM.attributes
                0x00000000000003d1       0x34 c:/st/stm32cubeide_1.7.0/stm32cubeide/plugins/com.st.stm32cube.ide.mcu.externaltools.gnu-tools-for-stm32.9-2020-q2-update.win32_2.0.0.202105311346/tools/bin/../lib/gcc/arm-none-eabi/9.3.1/thumb/v7e-m+fp/hard\libgcc.a(_udivmoddi4.o)
 .ARM.attributes
                0x0000000000000405       0x1e c:/st/stm32cubeide_1.7.0/stm32cubeide/plugins/com.st.stm32cube.ide.mcu.externaltools.gnu-tools-for-stm32.9-2020-q2-update.win32_2.0.0.202105311346/tools/bin/../lib/gcc/arm-none-eabi/9.3.1/thumb/v7e-m+fp/hard\libgcc.a(_dvmd_tls.o)
 .ARM.attributes
                0x0000000000000423       0x1e c:/st/stm32cubeide_1.7.0/stm32cubeide/plugins/com.st.stm32cube.ide.mcu.externaltools.gnu-tools-for-stm32.9-2020-q2-update.win32_2.0.0.202105311346/tools/bin/../lib/gcc/arm-none-eabi/9.3.1/thumb/v7e-m+fp/hard/crtn.o
OUTPUT(Projekt.elf elf32-littlearm)
LOAD linker stubs
LOAD c:/st/stm32cubeide_1.7.0/stm32cubeide/plugins/com.st.stm32cube.ide.mcu.externaltools.gnu-tools-for-stm32.9-2020-q2-update.win32_2.0.0.202105311346/tools/bin/../lib/gcc/arm-none-eabi/9.3.1/../../../../arm-none-eabi/lib/thumb/v7e-m+fp/hard\libc.a
LOAD c:/st/stm32cubeide_1.7.0/stm32cubeide/plugins/com.st.stm32cube.ide.mcu.externaltools.gnu-tools-for-stm32.9-2020-q2-update.win32_2.0.0.202105311346/tools/bin/../lib/gcc/arm-none-eabi/9.3.1/../../../../arm-none-eabi/lib/thumb/v7e-m+fp/hard\libm.a
LOAD c:/st/stm32cubeide_1.7.0/stm32cubeide/plugins/com.st.stm32cube.ide.mcu.externaltools.gnu-tools-for-stm32.9-2020-q2-update.win32_2.0.0.202105311346/tools/bin/../lib/gcc/arm-none-eabi/9.3.1/thumb/v7e-m+fp/hard\libgcc.a

.debug_info     0x0000000000000000     0xbcf8
 .debug_info    0x0000000000000000     0x1a40 ./Core/Src/main.o
 .debug_info    0x0000000000001a40      0xdbf ./Core/Src/stm32f4xx_hal_msp.o
 .debug_info    0x00000000000027ff      0x222 ./Core/Src/stm32f4xx_it.o
 .debug_info    0x0000000000002a21      0x5d0 ./Core/Src/system_stm32f4xx.o
 .debug_info    0x0000000000002ff1       0x22 ./Core/Startup/startup_stm32f411vetx.o
 .debug_info    0x0000000000003013      0x4bc ./Drivers/BSP/Components/i3g4250d/i3g4250d.o
 .debug_info    0x00000000000034cf      0x4bf ./Drivers/BSP/Components/l3gd20/l3gd20.o
 .debug_info    0x000000000000398e     0x166d ./Drivers/BSP/STM32F411E-Discovery/stm32f411e_discovery.o
 .debug_info    0x0000000000004ffb      0x547 ./Drivers/BSP/STM32F411E-Discovery/stm32f411e_discovery_gyroscope.o
 .debug_info    0x0000000000005542      0x944 ./Drivers/STM32F4xx_HAL_Driver/stm32f4xx_hal.o
 .debug_info    0x0000000000005e86      0xe47 ./Drivers/STM32F4xx_HAL_Driver/stm32f4xx_hal_cortex.o
 .debug_info    0x0000000000006ccd      0x862 ./Drivers/STM32F4xx_HAL_Driver/stm32f4xx_hal_gpio.o
 .debug_info    0x000000000000752f     0x2653 ./Drivers/STM32F4xx_HAL_Driver/stm32f4xx_hal_i2c.o
 .debug_info    0x0000000000009b82      0x9be ./Drivers/STM32F4xx_HAL_Driver/stm32f4xx_hal_rcc.o
 .debug_info    0x000000000000a540     0x17b8 ./Drivers/STM32F4xx_HAL_Driver/stm32f4xx_hal_spi.o

.debug_abbrev   0x0000000000000000     0x1d9e
 .debug_abbrev  0x0000000000000000      0x2f2 ./Core/Src/main.o
 .debug_abbrev  0x00000000000002f2      0x1ac ./Core/Src/stm32f4xx_hal_msp.o
 .debug_abbrev  0x000000000000049e       0xd2 ./Core/Src/stm32f4xx_it.o
 .debug_abbrev  0x0000000000000570      0x145 ./Core/Src/system_stm32f4xx.o
 .debug_abbrev  0x00000000000006b5       0x12 ./Core/Startup/startup_stm32f411vetx.o
 .debug_abbrev  0x00000000000006c7      0x1d2 ./Drivers/BSP/Components/i3g4250d/i3g4250d.o
 .debug_abbrev  0x0000000000000899      0x1d2 ./Drivers/BSP/Components/l3gd20/l3gd20.o
 .debug_abbrev  0x0000000000000a6b      0x2b0 ./Drivers/BSP/STM32F411E-Discovery/stm32f411e_discovery.o
 .debug_abbrev  0x0000000000000d1b      0x1c2 ./Drivers/BSP/STM32F411E-Discovery/stm32f411e_discovery_gyroscope.o
 .debug_abbrev  0x0000000000000edd      0x21e ./Drivers/STM32F4xx_HAL_Driver/stm32f4xx_hal.o
 .debug_abbrev  0x00000000000010fb      0x33c ./Drivers/STM32F4xx_HAL_Driver/stm32f4xx_hal_cortex.o
 .debug_abbrev  0x0000000000001437      0x1f1 ./Drivers/STM32F4xx_HAL_Driver/stm32f4xx_hal_gpio.o
 .debug_abbrev  0x0000000000001628      0x293 ./Drivers/STM32F4xx_HAL_Driver/stm32f4xx_hal_i2c.o
 .debug_abbrev  0x00000000000018bb      0x275 ./Drivers/STM32F4xx_HAL_Driver/stm32f4xx_hal_rcc.o
 .debug_abbrev  0x0000000000001b30      0x26e ./Drivers/STM32F4xx_HAL_Driver/stm32f4xx_hal_spi.o

.debug_aranges  0x0000000000000000      0xad0
 .debug_aranges
                0x0000000000000000       0x58 ./Core/Src/main.o
 .debug_aranges
                0x0000000000000058       0x40 ./Core/Src/stm32f4xx_hal_msp.o
 .debug_aranges
                0x0000000000000098       0x60 ./Core/Src/stm32f4xx_it.o
 .debug_aranges
                0x00000000000000f8       0x28 ./Core/Src/system_stm32f4xx.o
 .debug_aranges
                0x0000000000000120       0x28 ./Core/Startup/startup_stm32f411vetx.o
 .debug_aranges
                0x0000000000000148       0x78 ./Drivers/BSP/Components/i3g4250d/i3g4250d.o
 .debug_aranges
                0x00000000000001c0       0x78 ./Drivers/BSP/Components/l3gd20/l3gd20.o
 .debug_aranges
                0x0000000000000238       0xf0 ./Drivers/BSP/STM32F411E-Discovery/stm32f411e_discovery.o
 .debug_aranges
                0x0000000000000328       0x50 ./Drivers/BSP/STM32F411E-Discovery/stm32f411e_discovery_gyroscope.o
 .debug_aranges
                0x0000000000000378       0xf0 ./Drivers/STM32F4xx_HAL_Driver/stm32f4xx_hal.o
 .debug_aranges
                0x0000000000000468      0x118 ./Drivers/STM32F4xx_HAL_Driver/stm32f4xx_hal_cortex.o
 .debug_aranges
                0x0000000000000580       0x58 ./Drivers/STM32F4xx_HAL_Driver/stm32f4xx_hal_gpio.o
 .debug_aranges
                0x00000000000005d8      0x2a0 ./Drivers/STM32F4xx_HAL_Driver/stm32f4xx_hal_i2c.o
 .debug_aranges
                0x0000000000000878       0x88 ./Drivers/STM32F4xx_HAL_Driver/stm32f4xx_hal_rcc.o
 .debug_aranges
                0x0000000000000900      0x1d0 ./Drivers/STM32F4xx_HAL_Driver/stm32f4xx_hal_spi.o

.debug_ranges   0x0000000000000000      0xa10
 .debug_ranges  0x0000000000000000       0x48 ./Core/Src/main.o
 .debug_ranges  0x0000000000000048       0x30 ./Core/Src/stm32f4xx_hal_msp.o
 .debug_ranges  0x0000000000000078       0x50 ./Core/Src/stm32f4xx_it.o
 .debug_ranges  0x00000000000000c8       0x18 ./Core/Src/system_stm32f4xx.o
 .debug_ranges  0x00000000000000e0       0x20 ./Core/Startup/startup_stm32f411vetx.o
 .debug_ranges  0x0000000000000100       0x68 ./Drivers/BSP/Components/i3g4250d/i3g4250d.o
 .debug_ranges  0x0000000000000168       0x68 ./Drivers/BSP/Components/l3gd20/l3gd20.o
 .debug_ranges  0x00000000000001d0       0xe0 ./Drivers/BSP/STM32F411E-Discovery/stm32f411e_discovery.o
 .debug_ranges  0x00000000000002b0       0x40 ./Drivers/BSP/STM32F411E-Discovery/stm32f411e_discovery_gyroscope.o
 .debug_ranges  0x00000000000002f0       0xe0 ./Drivers/STM32F4xx_HAL_Driver/stm32f4xx_hal.o
 .debug_ranges  0x00000000000003d0      0x108 ./Drivers/STM32F4xx_HAL_Driver/stm32f4xx_hal_cortex.o
 .debug_ranges  0x00000000000004d8       0x48 ./Drivers/STM32F4xx_HAL_Driver/stm32f4xx_hal_gpio.o
 .debug_ranges  0x0000000000000520      0x2b8 ./Drivers/STM32F4xx_HAL_Driver/stm32f4xx_hal_i2c.o
 .debug_ranges  0x00000000000007d8       0x78 ./Drivers/STM32F4xx_HAL_Driver/stm32f4xx_hal_rcc.o
 .debug_ranges  0x0000000000000850      0x1c0 ./Drivers/STM32F4xx_HAL_Driver/stm32f4xx_hal_spi.o

.debug_macro    0x0000000000000000    0x1635e
 .debug_macro   0x0000000000000000      0x2f5 ./Core/Src/main.o
 .debug_macro   0x00000000000002f5      0xaa8 ./Core/Src/main.o
 .debug_macro   0x0000000000000d9d      0x29b ./Core/Src/main.o
 .debug_macro   0x0000000000001038       0x2e ./Core/Src/main.o
 .debug_macro   0x0000000000001066       0x28 ./Core/Src/main.o
 .debug_macro   0x000000000000108e       0x22 ./Core/Src/main.o
 .debug_macro   0x00000000000010b0       0x8e ./Core/Src/main.o
 .debug_macro   0x000000000000113e       0x51 ./Core/Src/main.o
 .debug_macro   0x000000000000118f      0x103 ./Core/Src/main.o
 .debug_macro   0x0000000000001292       0x6a ./Core/Src/main.o
 .debug_macro   0x00000000000012fc      0x1df ./Core/Src/main.o
 .debug_macro   0x00000000000014db       0x1c ./Core/Src/main.o
 .debug_macro   0x00000000000014f7       0x22 ./Core/Src/main.o
 .debug_macro   0x0000000000001519       0xdf ./Core/Src/main.o
 .debug_macro   0x00000000000015f8     0x102d ./Core/Src/main.o
 .debug_macro   0x0000000000002625      0x11f ./Core/Src/main.o
 .debug_macro   0x0000000000002744     0xb953 ./Core/Src/main.o
 .debug_macro   0x000000000000e097       0x6d ./Core/Src/main.o
 .debug_macro   0x000000000000e104     0x3666 ./Core/Src/main.o
 .debug_macro   0x000000000001176a      0x174 ./Core/Src/main.o
 .debug_macro   0x00000000000118de       0x5c ./Core/Src/main.o
 .debug_macro   0x000000000001193a      0x447 ./Core/Src/main.o
 .debug_macro   0x0000000000011d81      0x9fe ./Core/Src/main.o
 .debug_macro   0x000000000001277f      0x116 ./Core/Src/main.o
 .debug_macro   0x0000000000012895      0x11b ./Core/Src/main.o
 .debug_macro   0x00000000000129b0       0xa5 ./Core/Src/main.o
 .debug_macro   0x0000000000012a55      0x15f ./Core/Src/main.o
 .debug_macro   0x0000000000012bb4      0x287 ./Core/Src/main.o
 .debug_macro   0x0000000000012e3b       0x5f ./Core/Src/main.o
 .debug_macro   0x0000000000012e9a      0x236 ./Core/Src/main.o
 .debug_macro   0x00000000000130d0      0x132 ./Core/Src/main.o
 .debug_macro   0x0000000000013202      0x264 ./Core/Src/main.o
 .debug_macro   0x0000000000013466       0x2e ./Core/Src/main.o
 .debug_macro   0x0000000000013494      0x1b5 ./Core/Src/main.o
 .debug_macro   0x0000000000013649       0x22 ./Core/Src/main.o
 .debug_macro   0x000000000001366b       0xd6 ./Core/Src/main.o
 .debug_macro   0x0000000000013741      0x11a ./Core/Src/main.o
 .debug_macro   0x000000000001385b       0x85 ./Core/Src/main.o
 .debug_macro   0x00000000000138e0       0x89 ./Core/Src/main.o
 .debug_macro   0x0000000000013969      0x225 ./Core/Src/main.o
 .debug_macro   0x0000000000013b8e      0x126 ./Core/Src/main.o
 .debug_macro   0x0000000000013cb4       0x34 ./Core/Src/main.o
 .debug_macro   0x0000000000013ce8       0x18 ./Core/Src/main.o
 .debug_macro   0x0000000000013d00       0x52 ./Core/Src/main.o
 .debug_macro   0x0000000000013d52       0x3c ./Core/Src/main.o
 .debug_macro   0x0000000000013d8e       0x34 ./Core/Src/main.o
 .debug_macro   0x0000000000013dc2       0x16 ./Core/Src/main.o
 .debug_macro   0x0000000000013dd8       0x35 ./Core/Src/main.o
 .debug_macro   0x0000000000013e0d       0x16 ./Core/Src/main.o
 .debug_macro   0x0000000000013e23       0x43 ./Core/Src/main.o
 .debug_macro   0x0000000000013e66       0x34 ./Core/Src/main.o
 .debug_macro   0x0000000000013e9a       0x10 ./Core/Src/main.o
 .debug_macro   0x0000000000013eaa       0x58 ./Core/Src/main.o
 .debug_macro   0x0000000000013f02       0x71 ./Core/Src/main.o
 .debug_macro   0x0000000000013f73       0x1c ./Core/Src/main.o
 .debug_macro   0x0000000000013f8f      0x12a ./Core/Src/main.o
 .debug_macro   0x00000000000140b9      0x333 ./Core/Src/main.o
 .debug_macro   0x00000000000143ec       0x16 ./Core/Src/main.o
 .debug_macro   0x0000000000014402       0x29 ./Core/Src/main.o
 .debug_macro   0x000000000001442b      0x251 ./Core/Src/main.o
 .debug_macro   0x000000000001467c      0x211 ./Core/Src/main.o
 .debug_macro   0x000000000001488d      0x203 ./Core/Src/main.o
 .debug_macro   0x0000000000014a90      0x1e2 ./Core/Src/stm32f4xx_hal_msp.o
 .debug_macro   0x0000000000014c72      0x1ec ./Core/Src/stm32f4xx_it.o
 .debug_macro   0x0000000000014e5e      0x1d3 ./Core/Src/system_stm32f4xx.o
 .debug_macro   0x0000000000015031       0x7c ./Drivers/BSP/Components/i3g4250d/i3g4250d.o
 .debug_macro   0x00000000000150ad       0x7c ./Drivers/BSP/Components/l3gd20/l3gd20.o
 .debug_macro   0x0000000000015129      0x200 ./Drivers/BSP/STM32F411E-Discovery/stm32f411e_discovery.o
 .debug_macro   0x0000000000015329      0x24b ./Drivers/BSP/STM32F411E-Discovery/stm32f411e_discovery.o
 .debug_macro   0x0000000000015574      0x218 ./Drivers/BSP/STM32F411E-Discovery/stm32f411e_discovery_gyroscope.o
 .debug_macro   0x000000000001578c      0x233 ./Drivers/STM32F4xx_HAL_Driver/stm32f4xx_hal.o
 .debug_macro   0x00000000000159bf      0x1d3 ./Drivers/STM32F4xx_HAL_Driver/stm32f4xx_hal_cortex.o
 .debug_macro   0x0000000000015b92      0x1d9 ./Drivers/STM32F4xx_HAL_Driver/stm32f4xx_hal_gpio.o
 .debug_macro   0x0000000000015d6b      0x21a ./Drivers/STM32F4xx_HAL_Driver/stm32f4xx_hal_i2c.o
 .debug_macro   0x0000000000015f85      0x1f7 ./Drivers/STM32F4xx_HAL_Driver/stm32f4xx_hal_rcc.o
 .debug_macro   0x000000000001617c      0x1e2 ./Drivers/STM32F4xx_HAL_Driver/stm32f4xx_hal_spi.o

.debug_line     0x0000000000000000     0xd3c6
 .debug_line    0x0000000000000000      0xc88 ./Core/Src/main.o
 .debug_line    0x0000000000000c88      0x845 ./Core/Src/stm32f4xx_hal_msp.o
 .debug_line    0x00000000000014cd      0x86c ./Core/Src/stm32f4xx_it.o
 .debug_line    0x0000000000001d39      0x82b ./Core/Src/system_stm32f4xx.o
 .debug_line    0x0000000000002564       0x88 ./Core/Startup/startup_stm32f411vetx.o
 .debug_line    0x00000000000025ec      0x66f ./Drivers/BSP/Components/i3g4250d/i3g4250d.o
 .debug_line    0x0000000000002c5b      0x667 ./Drivers/BSP/Components/l3gd20/l3gd20.o
 .debug_line    0x00000000000032c2      0xbc3 ./Drivers/BSP/STM32F411E-Discovery/stm32f411e_discovery.o
 .debug_line    0x0000000000003e85      0xaee ./Drivers/BSP/STM32F411E-Discovery/stm32f411e_discovery_gyroscope.o
 .debug_line    0x0000000000004973      0xaca ./Drivers/STM32F4xx_HAL_Driver/stm32f4xx_hal.o
 .debug_line    0x000000000000543d      0xd79 ./Drivers/STM32F4xx_HAL_Driver/stm32f4xx_hal_cortex.o
 .debug_line    0x00000000000061b6      0xc04 ./Drivers/STM32F4xx_HAL_Driver/stm32f4xx_hal_gpio.o
 .debug_line    0x0000000000006dba     0x3a76 ./Drivers/STM32F4xx_HAL_Driver/stm32f4xx_hal_i2c.o
 .debug_line    0x000000000000a830      0xe44 ./Drivers/STM32F4xx_HAL_Driver/stm32f4xx_hal_rcc.o
 .debug_line    0x000000000000b674     0x1d52 ./Drivers/STM32F4xx_HAL_Driver/stm32f4xx_hal_spi.o

.debug_str      0x0000000000000000    0x8973a
 .debug_str     0x0000000000000000    0x86a4a ./Core/Src/main.o
                                      0x86e32 (size before relaxing)
 .debug_str     0x0000000000086a4a       0x7a ./Core/Src/stm32f4xx_hal_msp.o
                                      0x8148d (size before relaxing)
 .debug_str     0x0000000000086ac4       0xbd ./Core/Src/stm32f4xx_it.o
                                      0x80ca1 (size before relaxing)
 .debug_str     0x0000000000086b81       0xaf ./Core/Src/system_stm32f4xx.o
                                      0x80ccb (size before relaxing)
 .debug_str     0x0000000000086c30       0x36 ./Core/Startup/startup_stm32f411vetx.o
                                         0x70 (size before relaxing)
 .debug_str     0x0000000000086c66      0x191 ./Drivers/BSP/Components/i3g4250d/i3g4250d.o
                                       0x49e4 (size before relaxing)
 .debug_str     0x0000000000086df7       0xff ./Drivers/BSP/Components/l3gd20/l3gd20.o
                                       0x4946 (size before relaxing)
 .debug_str     0x0000000000086ef6      0x7ef ./Drivers/BSP/STM32F411E-Discovery/stm32f411e_discovery.o
                                      0x82baf (size before relaxing)
 .debug_str     0x00000000000876e5      0x23f ./Drivers/BSP/STM32F411E-Discovery/stm32f411e_discovery_gyroscope.o
                                      0x832f5 (size before relaxing)
 .debug_str     0x0000000000087924      0x5aa ./Drivers/STM32F4xx_HAL_Driver/stm32f4xx_hal.o
                                      0x8168e (size before relaxing)
 .debug_str     0x0000000000087ece      0x3c8 ./Drivers/STM32F4xx_HAL_Driver/stm32f4xx_hal_cortex.o
                                      0x8146b (size before relaxing)
 .debug_str     0x0000000000088296      0x189 ./Drivers/STM32F4xx_HAL_Driver/stm32f4xx_hal_gpio.o
                                      0x80eab (size before relaxing)
 .debug_str     0x000000000008841f      0xafc ./Drivers/STM32F4xx_HAL_Driver/stm32f4xx_hal_i2c.o
                                      0x81c79 (size before relaxing)
 .debug_str     0x0000000000088f1b      0x287 ./Drivers/STM32F4xx_HAL_Driver/stm32f4xx_hal_rcc.o
                                      0x81106 (size before relaxing)
 .debug_str     0x00000000000891a2      0x598 ./Drivers/STM32F4xx_HAL_Driver/stm32f4xx_hal_spi.o
                                      0x81596 (size before relaxing)

.comment        0x0000000000000000       0x53
 .comment       0x0000000000000000       0x53 ./Core/Src/main.o
                                         0x54 (size before relaxing)
 .comment       0x0000000000000053       0x54 ./Core/Src/stm32f4xx_hal_msp.o
 .comment       0x0000000000000053       0x54 ./Core/Src/stm32f4xx_it.o
 .comment       0x0000000000000053       0x54 ./Core/Src/system_stm32f4xx.o
 .comment       0x0000000000000053       0x54 ./Drivers/BSP/Components/i3g4250d/i3g4250d.o
 .comment       0x0000000000000053       0x54 ./Drivers/BSP/Components/l3gd20/l3gd20.o
 .comment       0x0000000000000053       0x54 ./Drivers/BSP/STM32F411E-Discovery/stm32f411e_discovery.o
 .comment       0x0000000000000053       0x54 ./Drivers/BSP/STM32F411E-Discovery/stm32f411e_discovery_gyroscope.o
 .comment       0x0000000000000053       0x54 ./Drivers/STM32F4xx_HAL_Driver/stm32f4xx_hal.o
 .comment       0x0000000000000053       0x54 ./Drivers/STM32F4xx_HAL_Driver/stm32f4xx_hal_cortex.o
 .comment       0x0000000000000053       0x54 ./Drivers/STM32F4xx_HAL_Driver/stm32f4xx_hal_gpio.o
 .comment       0x0000000000000053       0x54 ./Drivers/STM32F4xx_HAL_Driver/stm32f4xx_hal_i2c.o
 .comment       0x0000000000000053       0x54 ./Drivers/STM32F4xx_HAL_Driver/stm32f4xx_hal_rcc.o
 .comment       0x0000000000000053       0x54 ./Drivers/STM32F4xx_HAL_Driver/stm32f4xx_hal_spi.o

.debug_frame    0x0000000000000000     0x2bd8
 .debug_frame   0x0000000000000000      0x114 ./Core/Src/main.o
 .debug_frame   0x0000000000000114       0xc8 ./Core/Src/stm32f4xx_hal_msp.o
 .debug_frame   0x00000000000001dc      0x104 ./Core/Src/stm32f4xx_it.o
 .debug_frame   0x00000000000002e0       0x58 ./Core/Src/system_stm32f4xx.o
 .debug_frame   0x0000000000000338      0x1bc ./Drivers/BSP/Components/i3g4250d/i3g4250d.o
 .debug_frame   0x00000000000004f4      0x1bc ./Drivers/BSP/Components/l3gd20/l3gd20.o
 .debug_frame   0x00000000000006b0      0x3b4 ./Drivers/BSP/STM32F411E-Discovery/stm32f411e_discovery.o
 .debug_frame   0x0000000000000a64      0x104 ./Drivers/BSP/STM32F411E-Discovery/stm32f411e_discovery_gyroscope.o
 .debug_frame   0x0000000000000b68      0x374 ./Drivers/STM32F4xx_HAL_Driver/stm32f4xx_hal.o
 .debug_frame   0x0000000000000edc      0x498 ./Drivers/STM32F4xx_HAL_Driver/stm32f4xx_hal_cortex.o
 .debug_frame   0x0000000000001374      0x14c ./Drivers/STM32F4xx_HAL_Driver/stm32f4xx_hal_gpio.o
 .debug_frame   0x00000000000014c0      0xc5c ./Drivers/STM32F4xx_HAL_Driver/stm32f4xx_hal_i2c.o
 .debug_frame   0x000000000000211c      0x1ec ./Drivers/STM32F4xx_HAL_Driver/stm32f4xx_hal_rcc.o
 .debug_frame   0x0000000000002308      0x824 ./Drivers/STM32F4xx_HAL_Driver/stm32f4xx_hal_spi.o
 .debug_frame   0x0000000000002b2c       0x2c c:/st/stm32cubeide_1.7.0/stm32cubeide/plugins/com.st.stm32cube.ide.mcu.externaltools.gnu-tools-for-stm32.9-2020-q2-update.win32_2.0.0.202105311346/tools/bin/../lib/gcc/arm-none-eabi/9.3.1/../../../../arm-none-eabi/lib/thumb/v7e-m+fp/hard\libc_nano.a(lib_a-init.o)
 .debug_frame   0x0000000000002b58       0x20 c:/st/stm32cubeide_1.7.0/stm32cubeide/plugins/com.st.stm32cube.ide.mcu.externaltools.gnu-tools-for-stm32.9-2020-q2-update.win32_2.0.0.202105311346/tools/bin/../lib/gcc/arm-none-eabi/9.3.1/../../../../arm-none-eabi/lib/thumb/v7e-m+fp/hard\libc_nano.a(lib_a-memset.o)
 .debug_frame   0x0000000000002b78       0x2c c:/st/stm32cubeide_1.7.0/stm32cubeide/plugins/com.st.stm32cube.ide.mcu.externaltools.gnu-tools-for-stm32.9-2020-q2-update.win32_2.0.0.202105311346/tools/bin/../lib/gcc/arm-none-eabi/9.3.1/thumb/v7e-m+fp/hard\libgcc.a(_aeabi_uldivmod.o)
 .debug_frame   0x0000000000002ba4       0x34 c:/st/stm32cubeide_1.7.0/stm32cubeide/plugins/com.st.stm32cube.ide.mcu.externaltools.gnu-tools-for-stm32.9-2020-q2-update.win32_2.0.0.202105311346/tools/bin/../lib/gcc/arm-none-eabi/9.3.1/thumb/v7e-m+fp/hard\libgcc.a(_udivmoddi4.o)
